// Jest Snapshot v1, https://goo.gl/fbAQLP

exports[`Header renders correctly 1`] = `
<nav
  className="navbar navbar-expand-lg navbar-dark sticky-top"
>
  <a
    className="navbar-brand"
    href="/"
  >
    
  </a>
  <button
    aria-controls="responsive-navbar-nav"
    aria-label="Toggle navigation"
    className="navbar-toggler collapsed"
    onClick={[Function]}
    type="button"
  >
    <span
      className="navbar-toggler-icon"
    />
  </button>
  <div
    aria-expanded={null}
    className="justify-content-end navbar-collapse collapse"
    id="responsive-navbar-nav"
  >
    <div
      className="navbar-nav"
      onKeyDown={[Function]}
    >
      <a
        className="nav-link"
        data-rb-event-key="/sign-in"
        href="/sign-in"
        onClick={[Function]}
        onKeyDown={[Function]}
      >
        Sign In
      </a>
      <a
        className="nav-link"
        data-rb-event-key="2"
        href="/signup"
        onClick={[Function]}
        onKeyDown={[Function]}
      >
        Sign Up
      </a>
    </div>
  </div>
</nav>
`;
